// Jest Snapshot v1, https://goo.gl/fbAQLP

exports[`IdentifierMasthead component renders consistently in Spanish when passed Spanish for language prop 1`] = `
<section
  aria-label="Identificador de la agencia"
  className="usa-identifier__section usa-identifier__section--masthead"
  data-testid="identifierMasthead"
>
  <div
    className="usa-identifier__container"
  >
    <div
      className="usa-identifier__logos"
    >
      <a
        className="usa-identifier__logo"
        href="www.google.com"
      >
        <img
          alt="Test Parent Agency Name logo"
          className="usa-identifier__logo-img"
          data-testid="identifierMasthead-logo"
          src="test-file-stub"
        />
      </a>
    </div>
    <div
      aria-label="Descripción de la agencia"
      className="usa-identifier__identity"
      data-testid="identifierMasthead-agency-description"
    >
      <p
        className="usa-identifier__identity-domain"
      >
        aGovDomain.gov
      </p>
      <p
        className="usa-identifier__identity-disclaimer"
      >
        Un sitio web oficial de
         
        <a
          href="https://www.parentAgencyExampleUrl.gov/"
        >
          Test Parent Agency Name
        </a>
      </p>
    </div>
  </div>
</section>
`;
